Probando FALLBACK para ALEXANDER ARANGO PADILLA...
.venv\Scripts\python : 
Traceback (most recent 
call last):
En línea: 1 Carácter: 1
+ .venv\Scripts\python 
test_alexander.py > 
test_output.txt 2>&1; cat 
te ...
+ ~~~~~~~~~~~~~~~~~~~~~~~~~
~~~~~~~~~~~~~~~~~~~~~~~~~~~
~~~~~~~~~
    + CategoryInfo         
     : NotSpecified: (Tra  
  ceback (most recent ca   
 ll last)::String) [],     
RemoteException
    + FullyQualifiedErrorI 
   d : NativeCommandError
 
  File "C:\Users\ANA 
KARINA\Desktop\emdecob cons
ultas\test_alexander.py", 
line 22, in <module>
    asyncio.run(test())
    ~~~~~~~~~~~^^^^^^^^
  File "C:\Python314\Lib\as
yncio\runners.py", line 
204, in run
    return runner.run(main)
           ~~~~~~~~~~^^^^^^
  File "C:\Python314\Lib\as
yncio\runners.py", line 
127, in run
    return self._loop.run_u
ntil_complete(task)
           ~~~~~~~~~~~~~~~~
~~~~~~~~~~~~~^^^^^^
  File "C:\Python314\Lib\as
yncio\base_events.py", 
line 719, in 
run_until_complete
    return future.result()
           ~~~~~~~~~~~~~^^
  File "C:\Users\ANA 
KARINA\Desktop\emdecob cons
ultas\test_alexander.py", 
line 15, in test
    results = await consult
ar_publicaciones_rango(radi
cado, fecha_act, demandado)
              ^^^^^^^^^^^^^
^^^^^^^^^^^^^^^^^^^^^^^^^^^
^^^^^^^^^^^^^^^^^^^^^^^^^^^
  File "C:\Users\ANA 
KARINA\Desktop\emdecob cons
ultas\backend\service\publi
caciones.py", line 62, in c
onsultar_publicaciones_rang
o
    print(f"\U0001f50d 
[publicaciones.py] 
Buscando para radicado 
{radicado} en rango 
[{f_ini_str} - 
{f_fin_str}]")
    ~~~~~^^^^^^^^^^^^^^^^^^
^^^^^^^^^^^^^^^^^^^^^^^^^^^
^^^^^^^^^^^^^^^^^^^^^^^^^^^
^^^^^^^^^^^^^^^^^^^^^^^^^
  File "C:\Python314\Lib\en
codings\cp1252.py", line 
19, in encode
    return codecs.charmap_e
ncode(input,self.errors,enc
oding_table)[0]
           ~~~~~~~~~~~~~~~~
~~~~~^^^^^^^^^^^^^^^^^^^^^^
^^^^^^^^^^^^
UnicodeEncodeError: 
'charmap' codec can't 
encode character 
'\U0001f50d' in position 
0: character maps to 
<undefined>
